// Vitest Snapshot v1

exports[`Tabs > slots > : panel 1`] = `
<div
  class="t-tabs t-is-top t-size-m"
>
  <div
    class="t-sticky"
    style="height: 0px;"
  >
    <div
      class="t-sticky__content"
      style="z-index: 99;"
    >
      
      <div
        class="t-tabs__nav"
      >
        <div
          class="t-tabs__nav-container"
        >
          <div
            class="t-tabs__nav-wrap"
          >
            
            <div
              class="t-tabs__nav-item-line t-tabs__nav-item-evenly t-is-active"
            >
              <div
                class="t-badge"
              >
                <div
                  class="t-badge__content"
                >
                  
                  标签一
                  
                </div>
                <!--v-if-->
                <!---->
              </div>
            </div>
            
            <div
              class="t-tabs__nav-line"
              style=""
            />
          </div>
        </div>
      </div>
      
    </div>
  </div>
  <div
    class="t-tabs__content"
  >
    
    <div
      class="t-tab-panel t-tabs__panel"
      value="1"
    >
      
      
      <p>
        标签一内容
      </p>
      
      
    </div>
    
  </div>
</div>
`;
